
Server arguments:
  --memory-size 1073741824
  --shared-postfix 8480b235a9619ca27a881d30f80c0f27
  --working-directory Library/DataStore
  --silent-console
  --shutdown-grace 0
  --client-process-check 0
  --uds-log-file C:/Users/kvdgs/projekt/horror-fabularny/Logs/UDS-Service.log
  --debug-log 2
  -name
  Unity.DataStore

Initialising UDS system complete:
  - System type: Service
  - Resource namespace: 8480b235a9619ca27a881d30f80c0f27
  - Shared memory size: 1073741824
  - Command buffer id: 1052576
  - Command buffer size: 8192
  - Hashmap size: 4194304
Starting Unity Data Store Application
Unity Data Store Application Complete
[Warning] Shutting down service while there are still connected clients, client count = 4
Shut down UDS service system complete
